// Jest Snapshot v1, https://goo.gl/fbAQLP

exports[`Home Screen should render 1`] = `
<RCTScrollView
  contentInsetAdjustmentBehavior="automatic"
  style={
    {
      "backgroundColor": "#F3F3F3",
    }
  }
>
  <View>
    <View
      accessibilityIgnoresInvertColors={true}
      style={
        [
          {
            "paddingBottom": 40,
            "paddingHorizontal": 32,
            "paddingTop": 96,
          },
          {
            "backgroundColor": "#F3F3F3",
          },
        ]
      }
    >
      <Image
        accessibilityRole="image"
        source={
          {
            "testUri": "../Libraries/NewAppScreen/components/logo.png",
          }
        }
        style={
          [
            {
              "bottom": 0,
              "left": 0,
              "position": "absolute",
              "right": 0,
              "top": 0,
            },
            {
              "height": undefined,
              "width": undefined,
            },
            {
              "marginBottom": -192,
              "marginLeft": -128,
              "opacity": 0.2,
              "overflow": "visible",
              "resizeMode": "cover",
            },
          ]
        }
        testID="new-app-screen-header"
      />
      <Text
        style={
          [
            {
              "fontSize": 40,
              "fontWeight": "700",
              "textAlign": "center",
            },
            {
              "color": "#000",
            },
          ]
        }
      >
        Welcome to
        

        React Native
      </Text>
    </View>
    <View>
      <Text>
        EsLint Example
      </Text>
    </View>
  </View>
</RCTScrollView>
`;
